// Jest Snapshot v1, https://goo.gl/fbAQLP

exports[`<PIL /> renders only conditions when action is update-conditions 1`] = `
<ForwardRef
  id="conditions"
  key="conditions"
>
  <h2>
    <Connect(Snippet)>
      sticky-nav.conditions
    </Connect(Snippet)>
  </h2>
  <DiffText
    currentLabel={
      <Memo(Connect(Snippet))>
        diff.previous
      </Memo(Connect(Snippet))>
    }
    newValue="old-conditions"
    oldValue="new-conditions"
    proposedLabel={
      <Memo(Connect(Snippet))>
        diff.changed-to
      </Memo(Connect(Snippet))>
    }
  />
</ForwardRef>
`;

exports[`<PIL /> renders when action is update 1`] = `
[
  <ForwardRef
    id="procedures"
    key="procedures"
  >
    <h2>
      <Connect(Snippet)>
        sticky-nav.procedures
      </Connect(Snippet)>
    </h2>
    <PilProcedures
      task={
        {
          "data": {
            "data": {
              "certificates": [
                {},
                {},
              ],
            },
          },
          "isOpen": false,
        }
      }
    />
  </ForwardRef>,
  <ForwardRef
    id="species"
    key="species"
  >
    <h2>
      <Connect(Snippet)>
        sticky-nav.species
      </Connect(Snippet)>
    </h2>
    <SpeciesDiff
      after={
        {
          "certificates": [
            {},
            {},
          ],
        }
      }
    />
  </ForwardRef>,
  <ForwardRef
    id="training"
    key="training"
  >
    <h2>
      <Connect(Snippet)>
        sticky-nav.training
      </Connect(Snippet)>
    </h2>
    <SummaryTable
      certificates={[]}
    />
  </ForwardRef>,
]
`;
